// Jest Snapshot v1, https://goo.gl/fbAQLP

exports[`should take a snapshot 1`] = `
<DocumentFragment>
  <div>
    <label
      for="lastName"
    >
      Last Name:
    </label>
    <input
      type="text"
      value=""
    />
  </div>
  <button>
    Next
  </button>
</DocumentFragment>
`;
